[goldenspots.asia/beranda.html]
[backblue.gif]
[fade.gif]
[index.html]
[goldenspots.asia/favicon_io/apple-touch-icon.png]
[goldenspots.asia/favicon_io/favicon-32x32.png]
[goldenspots.asia/favicon_io/favicon-16x16.png]
[goldenspots.asia/favicon_io/site.webmanifest]
[maxcdn.bootstrapcdn.com/bootstrap/4.3.1/css/bootstrap.min.css]
[ajax.googleapis.com/ajax/libs/jquery/3.3.1/jquery.min.js]
[maxcdn.bootstrapcdn.com/bootstrap/4.3.1/js/bootstrap.min.js]
[maxcdn.bootstrapcdn.com/font-awesome/4.5.0/css/font-awesome.min.css]
[goldenspots.asia/style5.css]
[goldenspots.asia/index.html]
[goldenspots.asia/marquee.jpg]
[goldenspots.asia/logoindex.jpg]
[goldenspots.asia/lc.gif]
[goldenspots.asia/login.gif]
[goldenspots.asia/register.html]
[goldenspots.asia/daftar.gif]
[goldenspots.asia/promo/1.jpg]
[goldenspots.asia/promo/2.jpg]
[goldenspots.asia/promo/3.jpg]
[goldenspots.asia/promo/4.jpg]
[goldenspots.asia/promo/5.jpg]
[goldenspots.asia/promo/6.jpg]
[goldenspots.asia/promo/7.jpg]
[goldenspots.asia/promo/8.jpg]
[goldenspots.asia/promo/9.jpg]
[goldenspots.asia/promo/10.jpg]
[goldenspots.asia/promo/11.jpg]
[goldenspots.asia/menu/beranda.jpg]
[goldenspots.asia/menu/ayam.jpg]
[goldenspots.asia/menu/casino.jpg]
[goldenspots.asia/menu/ikan.jpg]
[goldenspots.asia/menu/poker.jpg]
[goldenspots.asia/menu/slot.jpg]
[goldenspots.asia/menu/sport.jpg]
[goldenspots.asia/menu/promosi.jpg]
[goldenspots.asia/pgjp.gif]
[goldenspots.asia/lotto.jpg]
[goldenspots.asia/logofooter/pp.png]
[goldenspots.asia/logofooter/bng.png]
[goldenspots.asia/logofooter/haba.png]
[goldenspots.asia/logofooter/joker.png]
[goldenspots.asia/logofooter/pg.png]
[goldenspots.asia/logofooter/sp.png]
[goldenspots.asia/logofooter/red.png]
[goldenspots.asia/logofooter/ygg.png]
[goldenspots.asia/menuslot/1.png]
[goldenspots.asia/menuslot/2.png]
[goldenspots.asia/menuslot/3.png]
[goldenspots.asia/menuslot/4.png]
[goldenspots.asia/sport1.jpg]
[goldenspots.asia/menucasino/1.png]
[goldenspots.asia/menucasino/2.png]
[goldenspots.asia/menucasino/3.png]
[goldenspots.asia/menucasino/4.png]
[goldenspots.asia/menucasino/5.png]
[goldenspots.asia/menucasino/6.png]
[goldenspots.asia/menucasino/7.png]
[goldenspots.asia/menucasino/8.png]
[goldenspots.asia/menucasino/9.png]
[goldenspots.asia/tembakikan.png]
[goldenspots.asia/menupoker/1.png]
[goldenspots.asia/menupoker/2.png]
[goldenspots.asia/menupoker/3.png]
[goldenspots.asia/menupoker/4.png]
[goldenspots.asia/slide1.jpg]
[goldenspots.asia/slide2.png]
[goldenspots.asia/slide3.png]
[goldenspots.asia/logobank/bni.png]
[goldenspots.asia/logobank/cimb.png]
[goldenspots.asia/logobank/mandiri.png]
[goldenspots.asia/aman/BMM.png]
[goldenspots.asia/aman/Gambling-commision.png]
[goldenspots.asia/aman/GLI.png]
[goldenspots.asia/aman/MGA.png]
[goldenspots.asia/aman/pagcor.png]
[goldenspots.asia/tanggungjawab/18+.png]
[goldenspots.asia/tanggungjawab/Begamble.png]
[goldenspots.asia/tanggungjawab/Gamcare.png]
[goldenspots.asia/tanggungjawab/GT.png]
[goldenspots.asia/beranda.html]
[maxcdn.bootstrapcdn.com/bootstrap/4.3.1/css/bootstrap.min.css]
[maxcdn.bootstrapcdn.com/font-awesome/4.5.0/css/font-awesome.min.css]
[goldenspots.asia/style5.css]
[stackpath.bootstrapcdn.com/font-awesome/4.7.0/css/font-awesome.min.css]
[goldenspots.asia/style.css]
[goldenspots.asia/goldenlogo.jpg]
[goldenspots.asia/index.html]
[goldenspots.asia/register.html]
[stackpath.bootstrapcdn.com/font-awesome/4.7.0/css/font-awesome.min.css]
[goldenspots.asia/logobank/bca.png]
[goldenspots.asia/logobank/bri.png]
[goldenspots.asia/style.css]
[goldenspots.asia/images/bg5.html]
